// Jest Snapshot v1, https://goo.gl/fbAQLP

exports[`should render Expense List correctly 1`] = `
<div>
  <h1>
    Expense List
  </h1>
  <Connect(ExpenseListFilters) />
  <ul>
    <Connect(ExpenseListItem)
      amount={2000}
      createdAt={0}
      description="gum"
      id={1}
      key="1"
      note="Chew"
    />
    <Connect(ExpenseListItem)
      amount={100}
      createdAt={-259200000}
      description="drink"
      id={2}
      key="2"
      note="nothing"
    />
    <Connect(ExpenseListItem)
      amount={4500}
      createdAt={172800000}
      description="Rent"
      id={3}
      key="3"
      note="Expensive"
    />
  </ul>
</div>
`;

exports[`should render Expense list with no expenses message 1`] = `
<div>
  <h1>
    Expense List
  </h1>
  <Connect(ExpenseListFilters) />
  <p>
    No expenses 
  </p>
</div>
`;
