// Jest Snapshot v1, https://goo.gl/fbAQLP

exports[`should render NotFoundPage correctly 1`] = `
<div>
  Page Not Found: 404 
  <Link
    to="/"
  >
    Go Home
  </Link>
</div>
`;
